git_head OK: 8937e088bd034ed72e83522fa578df9bc4f3b439

================================================================================
TWO-PART vmap GATE
================================================================================
(A) keys_identical=True | sample-1 micro-parity max|Δ|=3.719e-15 (<1e-10) -> PASS
(B) nsteps Δ=0.00e+00 div Δ=0.00e+00 | acc |Δ|=8.134e-03 < 4.0·SE=1.448e-02 (SE=3.620e-03, n=2000) -> ok | KS x0(D=0.0135,p=0.460) x1(D=0.0189,p=0.116) -> PASS
GATE PASSED -> vmap is canonical multichain path (no fallback). Proceeding.

per-seed warmup step: s10=0.2132, s11=0.2182, s12=0.1969, s13=0.2220, s14=0.2094, s15=0.1171 | median=0.21126

   avg  seed   step realAvg  2mbias mbias_sd  minESS    Rhat   div    acc   pass
    18    10 0.2132    18.0   0.045    0.011    7074   1.001  0.00  0.941    YES
    18    11 0.2182    17.9   0.059    0.014    7025   1.000  0.00  0.936    YES
    18    12 0.1969    18.0   0.159    0.034    6357   1.001  0.00  0.955     no
    18    13 0.2220    17.9   0.171    0.028    6146   1.000  0.00  0.931     no
    18    14 0.2094    17.9   0.083    0.014    6689   1.000  0.00  0.946    YES
    18    15 0.1171    18.2   0.080    0.007    3650   1.001  0.00  0.994    YES
  -> avg=18: 4/6 PASS => cell-fail

    24    10 0.2132    24.0   0.084    0.021    8931   1.000  0.00  0.931    YES
    24    11 0.2182    23.9   0.028    0.008    8569   1.000  0.00  0.925    YES
    24    12 0.1969    24.0   0.018    0.008    8121   1.000  0.00  0.946    YES
    24    13 0.2220    23.8   0.113    0.038    8488   1.001  0.00  0.921     no
    24    14 0.2094    23.9   0.057    0.003    8396   1.000  0.00  0.934    YES
    24    15 0.1171    24.2   0.012    0.017    6191   1.001  0.00  0.993    YES
  -> avg=24: 5/6 PASS => CELL-PASS

    36    10 0.2132    36.0   0.083    0.021   10030   1.000  0.00  0.907    YES
    36    11 0.2182    35.8   0.014    0.007   10309   1.001  0.00  0.899    YES
    36    12 0.1969    35.9   0.009    0.018    9759   1.000  0.00  0.927    YES
    36    13 0.2220    35.7   0.069    0.011   10993   1.000  0.00  0.895    YES
    36    14 0.2094    35.8   0.006    0.009   10227   1.000  0.00  0.908    YES
    36    15 0.1171    36.4   0.012    0.008    8073   1.000  0.00  0.990    YES
  -> avg=36: 6/6 PASS => CELL-PASS

    54    10 0.2132    54.1   0.039    0.010   11257   1.000  0.00  0.874    YES
    54    11 0.2182    53.7   0.092    0.019   11565   1.000  0.00  0.870    YES
    54    12 0.1969    53.9   0.027    0.015   10833   1.000  0.00  0.901    YES
    54    13 0.2220    53.6   0.019    0.014   10988   1.000  0.00  0.859    YES
    54    14 0.2094    53.7   0.179    0.008    8624   1.000  0.00  0.882     no
    54    15 0.1171    54.5   0.041    0.017   10650   1.000  0.00  0.986    YES
  -> avg=54: 5/6 PASS => CELL-PASS

================================================================================
DIFF avg=24: vmap re-cert vs loop cert
================================================================================
  loop avg=24: 5/6 PASS | median 2mbias=0.015 | per-seed 2mbias sorted=['0.004', '0.012', '0.013', '0.017', '0.036', '0.158']
  vmap avg=24: 5/6 PASS | median 2mbias=0.043 | per-seed 2mbias sorted=['0.012', '0.018', '0.028', '0.057', '0.084', '0.113']

================================================================================
FILING SUMMARY (vmap path)
  avg= 18: 4/6 | cell-fail
  avg= 24: 5/6 | CELL-PASS
  avg= 36: 6/6 | CELL-PASS
  avg= 54: 5/6 | CELL-PASS
  passing avgs: [24, 36, 54] | recommended filing avg: 24
  RECIPE: avg=24, step(median)=0.21126, L=5.0702, IMM diag=[8,9], golden mean=[0,2] var=[8,9]

wrote /home/jp/blackjax-devs/tuningfork/experiments/mclmc_scaling/cert25_banana_vmap_results.json (24 rows) | path=VMAP
DONE_CERT25_VMAP
