/home/jp/blackjax-devs/tuningfork/experiments/mclmc_scaling/diag_vmap_banana_p1.py:103: RuntimeWarning: invalid value encountered in subtract
  delta = np.max(np.abs(traj_unb - traj_b), axis=1)  # (N,)
git_head: 8937e088bd034ed72e83522fa578df9bc4f3b439 | x64: True

==============================================================================
PART A: ROOT CAUSE (fp ordering under vmap-batch)
==============================================================================
x_test = [4.9894935  1.20047163]
  |ld_unbatched - ld_vmap[0]|   = 0.000e+00
  max|grad_unb - grad_vmap[0]|  = 0.000e+00  (machine eps fp64 ~2.2e-16)

  controlled leapfrog (eps=0.21126, N=400): max|Δ| per step
    step    1: max|Δ| = 0.000e+00
    step    2: max|Δ| = 1.776e-15
    step    5: max|Δ| = 3.809e-12
    step   10: max|Δ| = nan
    step   20: max|Δ| = nan
    step   50: max|Δ| = nan
    step  100: max|Δ| = nan
    step  200: max|Δ| = nan
    step  399: max|Δ| = nan
  growth-region log-slope λ = 97.0581 /step (exp(λn) from eps); saturates ~3.00

==============================================================================
PART B: KEY HANDLING (loop vs stacked-vmap keys)
==============================================================================
  loop key_data == stacked vmap key_data for all 6 seeds x 4 chains: YES (bit-identical)

==============================================================================
PART C: STAT EQUIVALENCE (avg=18, n=3000, 4ch, seeds [10, 11, 12, 13, 14, 15])
==============================================================================
  seed path chain   nsteps     acc   div  2mbias     ESS
    10 loop     0  18.0123  0.9726  0.00   0.196    1278
    10 vmap     0  18.0123  0.9729  0.00   0.137    1206
    10 loop     1  17.9580  0.9740  0.00   0.045    1079
    10 vmap     1  17.9580  0.9734  0.00   0.094    1007
    10 loop     2  17.8620  0.9689  0.00   0.030     835
    10 vmap     2  17.8620  0.9753  0.00   0.155     975
    10 loop     3  18.0653  0.9737  0.00   0.036     975
    10 vmap     3  18.0653  0.9712  0.00   0.177    1096
   seed 10: max|Δacc|=6.40e-03 max|Δnsteps|=0.00e+00 max|Δdiv|=0.00e+00 | KS x0 (D=0.0159,p=0.095) x1 (D=0.0185,p=0.033)
    11 loop     0  17.8860  0.9578  0.00   0.208    1191
    11 vmap     0  17.8860  0.9523  0.00   0.136     928
    11 loop     1  17.8010  0.9534  0.00   0.056    1027
    11 vmap     1  17.8010  0.9573  0.00   0.123     950
    11 loop     2  17.7587  0.9512  0.00   0.006    1041
    11 vmap     2  17.7587  0.9517  0.00   0.068     945
    11 loop     3  17.9047  0.9552  0.00   0.025     932
    11 vmap     3  17.9047  0.9489  0.00   0.063     995
   seed 11: max|Δacc|=6.36e-03 max|Δnsteps|=0.00e+00 max|Δdiv|=0.00e+00 | KS x0 (D=0.0158,p=0.098) x1 (D=0.0057,p=0.990)
    12 loop     0  18.2533  0.9567  0.00   0.034     993
    12 vmap     0  18.2533  0.9561  0.00   0.072    1056
    12 loop     1  17.7083  0.9553  0.00   0.048    1116
    12 vmap     1  17.7083  0.9575  0.00   0.071    1039
    12 loop     2  18.0160  0.9586  0.00   0.096    1179
    12 vmap     2  18.0160  0.9544  0.00   0.036    1057
    12 loop     3  18.0843  0.9553  0.00   0.070    1135
    12 vmap     3  18.0843  0.9575  0.00   0.008    1237
   seed 12: max|Δacc|=4.25e-03 max|Δnsteps|=0.00e+00 max|Δdiv|=0.00e+00 | KS x0 (D=0.0108,p=0.479) x1 (D=0.0112,p=0.440)
    13 loop     0  18.0410  0.9412  0.00   0.095     983
    13 vmap     0  18.0410  0.9467  0.00   0.037    1161
    13 loop     1  17.7293  0.9463  0.00   0.048     962
    13 vmap     1  17.7293  0.9474  0.00   0.055     971
    13 loop     2  17.9330  0.9439  0.00   0.099    1188
    13 vmap     2  17.9330  0.9482  0.00   0.224    1141
    13 loop     3  17.7837  0.9430  0.00   0.027     718
    13 vmap     3  17.7837  0.9445  0.00   0.054     926
   seed 13: max|Δacc|=5.58e-03 max|Δnsteps|=0.00e+00 max|Δdiv|=0.00e+00 | KS x0 (D=0.0173,p=0.054) x1 (D=0.0184,p=0.034)
    14 loop     0  17.9723  0.9561  0.00   0.079     926
    14 vmap     0  17.9723  0.9575  0.00   0.026     922
    14 loop     1  17.8020  0.9549  0.00   0.283     852
    14 vmap     1  17.8020  0.9586  0.00   0.218    1252
    14 loop     2  18.0943  0.9579  0.00   0.033    1071
    14 vmap     2  18.0943  0.9578  0.00   0.104     930
    14 loop     3  17.6500  0.9583  0.00   0.087     946
    14 vmap     3  17.6500  0.9586  0.00   0.027    1117
   seed 14: max|Δacc|=3.73e-03 max|Δnsteps|=0.00e+00 max|Δdiv|=0.00e+00 | KS x0 (D=0.0122,p=0.334) x1 (D=0.0142,p=0.178)
    15 loop     0  18.2737  0.9026  0.00   0.029    1065
    15 vmap     0  18.2737  0.9021  0.00   0.208     985
    15 loop     1  17.9830  0.9065  0.00   0.118    1119
    15 vmap     1  17.9830  0.8988  0.00   0.057     963
    15 loop     2  18.0720  0.9025  0.00   0.282     799
    15 vmap     2  18.0720  0.9063  0.00   0.091    1000
    15 loop     3  18.2850  0.8974  0.00   0.130    1022
    15 vmap     3  18.2850  0.8999  0.00   0.028    1144
   seed 15: max|Δacc|=7.65e-03 max|Δnsteps|=0.00e+00 max|Δdiv|=0.00e+00 | KS x0 (D=0.0120,p=0.351) x1 (D=0.0112,p=0.440)

  KS verdict: min p-value across all seeds/dims = 0.0325 -> SAME DISTRIBUTION (no rejection at 1%)

wrote /home/jp/blackjax-devs/tuningfork/experiments/mclmc_scaling/diag_vmap_banana_p1_results.json
DONE_DIAG_P1
