S2 | smoke=False | NS=5000 NS_adj=3000 NC=4 seed=20260616

=== UNADJUSTED step sweep (fixed GT-dense IMM, fixed L; bias-bounded) ===
model          step     L  maxbias meanbias   minESS  ess/grad     eevpd   div
ill_cond_50    1.00  5.82   0.0888   0.0322    962.4   0.02406  9.73e-10  0.00
ill_cond_50    2.00  5.82   0.0817   0.0199   1968.1   0.04920  6.65e-08  0.00
ill_cond_50    4.00  5.82   0.0559   0.0137   4241.6   0.10604  4.43e-06  0.00
ill_cond_50    6.00  5.82   0.0310   0.0098   6994.4   0.17486  5.41e-05  0.00
ill_cond_50    8.00  5.82   0.0322   0.0132  10644.6   0.26611  3.33e-04  0.00
ill_cond_50    8.54  5.82   0.0332   0.0159  11501.1   0.28753  5.01e-04  0.00
ill_cond_50   10.00  5.82   0.0436   0.0264  14908.1   0.37270  1.35e-03  0.00
ill_cond_50   12.00  5.82   0.0732   0.0485  25652.0   0.64130  4.10e-03  0.00
ill_cond_50   15.00  5.82   0.1271   0.0960  62443.7   1.56109  2.25e-02  0.00
ill_cond_50   20.00  5.82   0.3144   0.2569  86020.6   2.15051  4.75e-01  0.00
ill_cond_50   30.00  5.82   0.9236   0.9164  86020.6   2.15051  4.13e+00  0.00
ill_cond_50   40.00  5.82   0.9956   0.9870  54462.9   1.36157  3.30e+00  0.00
ill_cond_50   50.00  5.82  14.3538  11.4617  86020.6   2.15051  4.18e-01  0.00
mvn_10         1.00  2.63   0.0297   0.0149   2311.0   0.05778  1.77e-07  0.00
mvn_10         2.00  2.63   0.0234   0.0115   4914.8   0.12287  1.25e-05  0.00
mvn_10         2.63  2.63   0.0338   0.0141   6846.4   0.17116  7.10e-05  0.00
mvn_10         3.66  2.63   0.0469   0.0219  10925.7   0.27314  5.86e-04  0.00
mvn_10         5.00  2.63   0.0694   0.0516  19388.6   0.48472  4.39e-03  0.00
mvn_10         7.00  2.63   0.1200   0.1038  53310.5   1.33276  5.77e-02  0.00
mvn_10        10.00  2.63   0.3819   0.3684  86020.6   2.15051  9.70e-01  0.00
mvn_10        15.00  2.63   0.9821   0.9769  31607.0   0.79018  2.80e+00  0.00

=== ADJUSTED tuned (fixed GT-dense IMM, target acc 0.9; efficiency) ===
model          step      L    N    acc  maxbias   minESS  ess/grad
ill_cond_50    6.43   7.07    1  0.974   0.0456   2221.9   0.05555
mvn_10         2.87   3.16    1  0.987   0.0421   2550.6   0.06377

WROTE /home/jp/blackjax-devs/tuningfork/experiments/mclmc_scaling/s2_results.json
