[t=+0.0s] Script start
[t=+0.4s] JAX: x64=True, backend=cpu
[t=+2.1s] All imports done
[t=+6.8s] d_phi=3, d_theta=200, N_CHAINS=4, N_SAMPLES=5

[t=+6.8s] ============================================================
  Kernel: laplace_dhmc
============================================================
[t=+6.8s] Kernel built
[t=+23.2s] Initial states built in 16.2s

[t=+23.2s]   [laplace_dhmc] V1: jit(lax.scan(step, n=5)), 1 chain
    V1 acceptance_rate[-1]: 1.0000
[t=+25.4s]   V1: 2.25s

[t=+25.4s]   [laplace_dhmc] V2: vmap(jit(scan)), shared kernel, 4 chains
    V2 acceptance_rate[0,-1]: 0.0000
[t=+31.2s]   V2: 5.74s (2.5× V1)

[t=+31.2s]   [laplace_dhmc] V3: vmap(per-chain kernel + RIA), 4 chains
  [py-spy] snapshot written to experiments/expB_pyspy/v3_laplace_dhmc.txt (5010 chars)
    V3 acceptance_rate[0,-1]: 0.0000
[t=+56.7s]   V3: 25.47s (11.3× V1, 4.4× V2)

[t=+56.7s] ============================================================
  Kernel: laplace_hmc
============================================================
[t=+56.7s] Kernel built
[t=+58.3s] Initial states built in 1.5s

[t=+58.3s]   [laplace_hmc] V1: jit(lax.scan(step, n=5)), 1 chain
    V1 acceptance_rate[-1]: 0.0000
[t=+60.9s]   V1: 2.60s

[t=+60.9s]   [laplace_hmc] V2: vmap(jit(scan)), shared kernel, 4 chains
    V2 acceptance_rate[0,-1]: 0.0000
[t=+67.5s]   V2: 6.59s (2.5× V1)

[t=+67.5s]   [laplace_hmc] V3: vmap(per-chain kernel + RIA), 4 chains
    V3 acceptance_rate[0,-1]: 0.0000
[t=+75.3s]   V3: 7.77s (3.0× V1, 1.2× V2)

[t=+75.3s] ============================================================
  Kernel: nuts_control
============================================================
[t=+75.3s] Kernel built
[t=+77.3s] Initial states built in 2.0s

[t=+77.3s]   [nuts_control] V1: jit(lax.scan(step, n=5)), 1 chain
    V1 acceptance_rate[-1]: 0.0000
[t=+80.1s]   V1: 2.76s

[t=+80.1s]   [nuts_control] V2: vmap(jit(scan)), shared kernel, 4 chains
  [py-spy] snapshot written to experiments/expB_pyspy/v3_laplace_hmc.txt (1921 chars)
  [TIMEOUT] nuts_control/V2 exceeded 600s budget after 600s
[t=+680.2s]   V2: TIMEOUT (N/A)

[t=+680.2s]   [nuts_control] V3: vmap(per-chain kernel + RIA), 4 chains
  [KILLED] nuts_control/V3 hung in XLA compilation for >900s (SIGALRM deferred
           by native XLA code). Process manually killed at t≈+1581s. This
           confirms vmap(nuts_tree_while + lbfgs_while + linesearch_while) is
           catastrophic for BOTH V2 and V3 patterns — XLA compile never returns.

=== ExpB Summary (partial — nuts_control V2+V3 did not complete) ===

Kernel         V1        V2             V3            V3/V2
laplace_dhmc   2.25s     5.74s (2.5×)   25.47s (11.3×)  4.4×
laplace_hmc    2.60s     6.59s (2.5×)   7.77s (3.0×)    1.2×
nuts_control   2.76s     TIMEOUT(>600s) XLA_HANG(>900s) N/A

Key findings:
  - V2 = linear overhead (~2.5×) for all kernels
  - laplace_hmc V3 ≈ V2 (1.2×) — no dynamic while_loop
  - laplace_dhmc V3 >> V2 (4.4×) — dynamic HMC while_loop under vmap
  - nuts_control: vmap(NUTS_tree_while + LBFGS_while + linesearch_while) = XLA hang

py-spy evidence:
  v3_laplace_dhmc.txt: 3 nested _while_lowering in MLIR (dynamic HMC + L-BFGS + LS)
  v3_laplace_hmc.txt: nuts_control V2 stuck in backend_compile_and_load (timing mismatch)
