[t=+0.0s] Script start
[t=+0.4s] JAX: x64=True, backend=cpu
[t=+2.2s] All imports done (optax patched)
[t=+7.3s] d_phi=3, d_theta=200
[t=+8.0s] Built 20 probe phi values (±0.1 noise)

[t=+8.0s] === maxls=1000 — Phase 1: standalone probe (20 calls) ===
  First call (JIT): 0.8s, lp=-276.560
  Phase1: 231 outer-L-BFGS callbacks, mean outer iters/call=11.6, wall=1.3s
  LS steps: mean=1.2, median=1, max=6, p95=2, cap_hits=0/231 (0%)
  Convergence: dec_err>0 (fail): 0/231 (0%)

[t=+9.3s]   maxls=1000 — Phase 2: warmup sample (n_warmup=5) ===
  Phase2 warmup: 238 outer-L-BFGS callbacks, wall=12.8s, step_size=0.09356
  LS steps: mean=5.8, median=1, max=1000, p95=5, cap_hits=1/238 (0%)
  maxls=1000 — Phase 3: sampling (5 steps) ===
  Phase3 sampling: 117 callbacks, wall=2.2s
  LS steps: mean=2.5, median=1, max=11, p95=10, cap_hits=0/117 (0%)
  Saved → experiments/expC_logs/maxls_1000.npz

[t=+24.9s] === maxls=200 — Phase 1: standalone probe (20 calls) ===
  First call (JIT): 1.0s, lp=-276.560
  Phase1: 231 outer-L-BFGS callbacks, mean outer iters/call=11.6, wall=1.4s
  LS steps: mean=1.2, median=1, max=6, p95=2, cap_hits=0/231 (0%)
  Convergence: dec_err>0 (fail): 0/231 (0%)

[t=+26.3s]   maxls=200 — Phase 2: warmup sample (n_warmup=5) ===
  Phase2 warmup: 345 outer-L-BFGS callbacks, wall=3.7s, step_size=0.09336
  LS steps: mean=2.0, median=1, max=200, p95=4, cap_hits=1/345 (0%)
  maxls=200 — Phase 3: sampling (5 steps) ===
  Phase3 sampling: 124 callbacks, wall=2.1s
  LS steps: mean=2.5, median=1, max=13, p95=11, cap_hits=0/124 (0%)
  Saved → experiments/expC_logs/maxls_200.npz

[t=+32.9s] === maxls=50 — Phase 1: standalone probe (20 calls) ===
  First call (JIT): 0.7s, lp=-276.560
  Phase1: 231 outer-L-BFGS callbacks, mean outer iters/call=11.6, wall=1.1s
  LS steps: mean=1.2, median=1, max=6, p95=2, cap_hits=0/231 (0%)
  Convergence: dec_err>0 (fail): 0/231 (0%)

[t=+34.0s]   maxls=50 — Phase 2: warmup sample (n_warmup=5) ===
  Phase2 warmup: 245 outer-L-BFGS callbacks, wall=3.5s, step_size=0.09356
  LS steps: mean=1.8, median=1, max=50, p95=6, cap_hits=1/245 (0%)
  maxls=50 — Phase 3: sampling (5 steps) ===
  Phase3 sampling: 117 callbacks, wall=2.1s
  LS steps: mean=2.5, median=1, max=11, p95=10, cap_hits=0/117 (0%)
  Saved → experiments/expC_logs/maxls_50.npz

[t=+40.3s] === maxls=20 — Phase 1: standalone probe (20 calls) ===
  First call (JIT): 0.7s, lp=-276.560
  Phase1: 231 outer-L-BFGS callbacks, mean outer iters/call=11.6, wall=1.2s
  LS steps: mean=1.2, median=1, max=6, p95=2, cap_hits=0/231 (0%)
  Convergence: dec_err>0 (fail): 0/231 (0%)

[t=+41.5s]   maxls=20 — Phase 2: warmup sample (n_warmup=5) ===
  Phase2 warmup: 220 outer-L-BFGS callbacks, wall=3.7s, step_size=0.09356
  LS steps: mean=2.2, median=1, max=20, p95=10, cap_hits=1/220 (0%)
  maxls=20 — Phase 3: sampling (5 steps) ===
  Phase3 sampling: 117 callbacks, wall=2.2s
  LS steps: mean=2.5, median=1, max=11, p95=10, cap_hits=0/117 (0%)
  Saved → experiments/expC_logs/maxls_20.npz

[t=+48.1s] === maxls=10 — Phase 1: standalone probe (20 calls) ===
  First call (JIT): 0.7s, lp=-276.560
  Phase1: 231 outer-L-BFGS callbacks, mean outer iters/call=11.6, wall=1.1s
  LS steps: mean=1.2, median=1, max=6, p95=2, cap_hits=0/231 (0%)
  Convergence: dec_err>0 (fail): 0/231 (0%)

[t=+49.2s]   maxls=10 — Phase 2: warmup sample (n_warmup=5) ===
  Phase2 warmup: 172 outer-L-BFGS callbacks, wall=3.7s, step_size=0.09356
  LS steps: mean=1.3, median=1, max=10, p95=2, cap_hits=2/172 (1%)
  maxls=10 — Phase 3: sampling (5 steps) ===
  Phase3 sampling: 113 callbacks, wall=2.3s
  LS steps: mean=2.4, median=1, max=10, p95=10, cap_hits=8/113 (7%)
  Saved → experiments/expC_logs/maxls_10.npz

[t=+56.0s] === ExpC Summary ===
   maxls   p1_mean   p1_max  p1_cap%   p2_mean   p2_max  p2_cap%    p2_wall   step_size
    1000       1.2        6       0%       5.8     1000       0%      12.8s     0.09356
     200       1.2        6       0%       2.0      200       0%       3.7s     0.09336
      50       1.2        6       0%       1.8       50       0%       3.5s     0.09356
      20       1.2        6       0%       2.2       20       0%       3.7s     0.09356
      10       1.2        6       0%       1.3       10       1%       3.7s     0.09356

Columns: maxls | phase1 mean/max LS steps | phase1 cap hit % | phase2 mean/max LS steps | phase2 cap hit % | phase2 warmup wall | step_size
Phase 1 = standalone direct laplace(phi) calls; Phase 2 = NUTS warmup; Phase 3 = laplace_dhmc sampling.

=== Diagnosis ===
DIAGNOSIS: mean LS steps at maxls=1000 = 1.2 (<50). Cap is NOT binding — linesearch converges early. Reducing maxls will NOT reduce wall time. Bottleneck is per-evaluation cost (Cholesky + gradient), not linesearch budget.

Done.
