[t=+0.0s] Script start
[t=+0.4s] JAX: x64=True, backend=cpu
[t=+2.3s] All imports done (optax patched)
[t=+7.4s] d_phi=3, d_theta=200
[t=+8.1s] Built 20 probe phi values (±0.1 noise)
  NOTE: Using FIXED warmup_key for ALL maxls values — no seed confound

[t=+8.1s] === maxls=1000 === Phase 1: standalone probe (20 calls) ===
  First call (JIT): 0.9s, lp=-276.560
  Phase1: 231 outer-L-BFGS callbacks, mean outer iters/call=11.6, wall=1.4s
  LS steps: mean=1.2, median=1, max=6, p95=2, cap_hits=0/231 (0%)

[t=+9.4s]   maxls=1000 — Phase 2: warmup (n_warmup=50, FIXED seed) ===
  Phase2 warmup: 519427 outer-L-BFGS callbacks, wall=1073.5s, step_size=0.0002374
  LS steps: mean=1.3, median=1, max=1000, p95=3, cap_hits=1/519427 (0%)
  maxls=1000 — Phase 3: laplace_dhmc sampling (10 steps, FIXED seed) ===
  Phase3 sampling: 67 callbacks, wall=2.7s
  LS steps: mean=5.0, median=6, max=7, p95=7, cap_hits=0/67 (0%)
  Saved → experiments/expC_rerun_logs/maxls_1000.npz

[t=+1086.5s] === maxls=200 === Phase 1: standalone probe (20 calls) ===
  First call (JIT): 0.9s, lp=-276.560
  Phase1: 231 outer-L-BFGS callbacks, mean outer iters/call=11.6, wall=1.4s
  LS steps: mean=1.2, median=1, max=6, p95=2, cap_hits=0/231 (0%)

[t=+1087.9s]   maxls=200 — Phase 2: warmup (n_warmup=50, FIXED seed) ===

=== ExpC-rerun PARTIAL COMPLETION (killed at t≈+1090s) ===

maxls=200 Phase 2 starting when process killed — 54+ min more projected wall time.
Complete data: maxls=1000 (Phase 1+2+3 + npz). Partial: maxls=200 Phase 1 only.

Critical findings from maxls=1000:
  Phase1: 231 callbacks, mean=1.2 LS steps, max=6, 0% cap (consistent w/ original expC)
  Phase2: 519427 callbacks (!), wall=1073.5s, step_size=0.0002374
    LS steps: mean=1.3, median=1, max=1000, p95=3, cap_hits=1/519427 (0.0002%)
    10388 callbacks/warmup_step = extreme NUTS deep-tree expansion (seed pathology)
  Phase3: 67 callbacks, wall=2.7s, mean=5.0 LS steps, max=7, 0% cap

DIAGNOSIS: Cap NOT binding (confirmed). But NEW finding: NUTS step_size COLLAPSE.
  n_warmup=5  (expC, different seed): step_size≈0.09 (OK but short)
  n_warmup=50 (expC_rerun, fixed seed): step_size=0.0002374 (400x too small, COLLAPSED)
  n_warmup=1000 (Track C): step_size~1e-7 (completely collapsed)
  Root cause: max_num_doublings=10 allows 1024 leaps/step → deep-tree trap.
  Fix: max_num_doublings=3 (8 leaps/step max) or non-NUTS warmup.

Linesearch cap question CLOSED: cap not binding at maxls≥1000 (and likely ≥20).
Warmup collapse: URGENT finding for statistician — NUTS window_adaptation is
  pathological for laplace_dhmc × gp_regression at n_warmup≥20 with default
  max_num_doublings=10.
