[t=+0.0s] Script start
[t=+0.4s] JAX: x64=True, backend=cpu
[t=+2.6s] All imports done
[t=+5.7s] gp_regression model built, d_full=203
[t=+5.8s] Laplace components built
  phi_keys (sorted = flat order): ['log_kernel_scale', 'log_lengthscale', 'log_noise_scale']
  phi_init (flat): [0.28029851 1.92740099 0.32214505]

=== Phase 1: L-BFGS MAP on 3D marginal (maxiter=30, maxcor=10, maxls=50) ===
  L-BFGS wall (incl. JIT compile): 21.66s
  MAP phi (flat): [ 1.45255135 -1.25747126 -0.82998437]
  MAP marginal log p: -53.452
  L-BFGS grad norm: 191.760058

=== Phase 2: Reconstruct 3×3 IMM from L-BFGS history ===
  alpha (diag inv-Hessian): [1.57831707e-05 4.40855597e-05 1.06324251e-04]

  3×3 IMM (inverse Hessian of -log_marginal at MAP):
    [log_kernel_scale    ] +0.0000  +0.0000  +0.0000
    [log_lengthscale     ] +0.0000  +0.0000  +0.0000
    [log_noise_scale     ] +0.0000  +0.0000  +0.0001

  Marginal stds (from IMM diagonal):
    log_kernel_scale         : std = 0.0040
    log_lengthscale          : std = 0.0066
    log_noise_scale          : std = 0.0103

  === RIDGE TEST ===
  corr(log_kernel_scale, log_lengthscale) = 0.0000
  Target: +0.754 (from Exp 2 MCLMC posterior ridge)
  Ridge test: FAIL ✗ (threshold |corr - 0.754| < 0.15)

=== Phase 3: Step-size probe (3 steps each) ===
  step_size=0.500: mean_acc=1.000, n_div=0/3
  step_size=0.200: mean_acc=1.000, n_div=0/3
  step_size=0.100: mean_acc=0.996, n_div=0/3
  step_size=0.050: mean_acc=1.000, n_div=0/3
  WARNING: no clean step_size found, using fallback=0.05

=== Phase 4: laplace_hmc sampling (n_steps=10, L=10, step_size=0.05) ===
  Sampling wall (10 steps): 12.08s
  Acceptance rate: mean=0.999, min=0.993, max=1.000
  Divergences: 0/10
  logdensity range: [-47.73, -40.50]
  Final phi (flat): [ 1.45435516 -1.25902933 -0.86893265]
  phi trace (first 3 steps, flat):
    step 0: [ 1.45149382 -1.25956989 -0.83589247]
    step 1: [ 1.4514758  -1.25557402 -0.8469009 ]
    step 2: [ 1.44860306 -1.25460592 -0.85322845]

=== Phase 5: 4-chain vmap (n_steps=10) ===
  4-chain vmap wall: 38.39s
  Mean acceptance: 0.999
  Total divergences: 0/40

==============================================================
ExpD Summary (total wall = 107.3s)
==============================================================
  L-BFGS MAP wall: 21.66s
  3×3 IMM diagonal (alpha): [1.57831707e-05 4.40855597e-05 1.06324251e-04]
  Ridge test: corr(log_ks, log_ls) = 0.0000 (target +0.754)
  Ridge captured: NO ✗
  laplace_hmc 10 steps:
    step_size=0.05, mean_acc=0.999, n_div=0
    wall=12.08s
  4-chain vmap: wall=38.39s, mean_acc=0.999, n_div=0
  Overall: NEEDS_INVESTIGATION
==============================================================

=== Phase 6: Full pathfinder.approximate compile/run test (num_samples=3, maxiter=10) ===
  NOTE: This tests whether pathfinder ELBO compilation is feasible.
  The key question: can vmap(10 iters, vmap(3 samples, custom_root)) compile?
  Pathfinder compile+run wall: 67.48s
  Best ELBO: -150.211
  Best position: [ 0.94834496  1.1685413  -0.75462035]

  Pathfinder 3×3 IMM:
    [log_kernel_scale    ] +0.0322  -0.0002  -0.0004
    [log_lengthscale     ] -0.0002  +0.0434  +0.0008
    [log_noise_scale     ] -0.0004  +0.0008  +0.0021

  Pathfinder RIDGE TEST:
  corr(log_ks, log_ls) = -0.0040 (target +0.754)
  Ridge test: FAIL ✗
  Phase 6 conclusion: pathfinder IS feasible (wall=67.5s, budget=120s)

[t=+174.8s] Script complete
