[t=+0.0s] Script start
[t=+0.6s] JAX: x64=True, backend=cpu
[t=+3.4s] All imports done
[t=+8.0s] gp_regression model built, d_full=203
[t=+8.0s] Laplace components built
  phi_keys (sorted = flat order): ['log_kernel_scale', 'log_lengthscale', 'log_noise_scale']
  phi_init (flat): [0.28029851 1.92740099 0.32214505]

=== Phase 1: HMC window_adaptation on 3D marginal (n_warmup=100, L=10, dense IMM) ===
  Warmup wall: 126.87s
  Adapted step_size: 0.000492
  Adapted IMM (3x3 dense):
    [log_kernel_scale    ] +0.0029  -0.0043  -0.0013
    [log_lengthscale     ] -0.0043  +0.0099  +0.0020
    [log_noise_scale     ] -0.0013  +0.0020  +0.0010

  Marginal stds:
    log_kernel_scale         : std = 0.0539
    log_lengthscale          : std = 0.0993
    log_noise_scale          : std = 0.0310

  === RIDGE TEST ===
  corr(log_kernel_scale, log_lengthscale) = -0.8085
  Target: +0.754 (from Exp 2 MCLMC posterior ridge)
  Ridge test: FAIL (|corr - 0.754| = 1.5625, threshold=0.15)

  Final warmup phi (flat): [ 1.27796953  0.12379792 -0.97677715]
  Marginal lp at warmup end: -101.888

=== Phase 2: 1-chain laplace_dhmc sampling (n_steps=10, L=10, adapted params) ===
  1-chain wall: 7.64s
  Acceptance rate: mean=1.000, min=0.999, max=1.000
  Divergences: 0/10
  logdensity range: [-101.71, -101.53]
  phi trace (3 steps):
    step 0: [ 1.27781062  0.12352123 -0.97683845]
    step 1: [ 1.27767933  0.12347292 -0.97678279]
    step 2: [ 1.2777308   0.12344957 -0.97677117]

=== Phase 3: 4-chain vmap laplace_hmc (n_steps=10, L=10) ===
  NOTE: Using laplace_hmc (not dhmc) per TL brief — avoids 4.4x vmap tax
  4-chain vmap wall: 47.14s
  Mean acceptance: 1.000
  Total divergences: 0/40

==============================================================
ExpE Summary (total wall = 192.5s)
==============================================================
  HMC window_adaptation (n_warmup=100) on marginal:
    wall = 126.87s
    adapted_step_size = 0.000492
    corr(log_ks, log_ls) = -0.8085 (target +0.754)
    Ridge test: FAIL
  laplace_dhmc 1-chain sampling:
    step_size=0.0005, mean_acc=1.000, n_div=0
    wall=7.64s
  laplace_hmc 4-chain vmap:
    wall=47.14s, mean_acc=1.000, n_div=0
  Overall: NEEDS_INVESTIGATION
==============================================================
