[t=+0.0s] Script start
[t=+0.4s] JAX: x64=True, backend=cpu
[t=+2.2s] All imports done
[t=+7.3s] gp_regression model built, d_full=203
[t=+7.3s] Laplace components built
  phi_keys (sorted = flat order): ['log_kernel_scale', 'log_lengthscale', 'log_noise_scale']
  phi_init PRIOR MEANS (flat): [ 0.  0. -2.]  [prior sample was [0.28029851 1.92740099 0.32214505]]
  GT log_lengthscale mean: -1.04
  Init gap to GT mode: |log_ls_init - GT_mean| = |0.0 - -1.04| = 1.04 units

=== Phase 1: HMC window_adaptation (dense 3x3 IMM, prior-means init) ===
  n_warmup=200, L=20, initial_step_size=0.1, dense=True
  Warmup wall: 194.51s
  Adapted step_size: 0.013587
  Adapted IMM (3x3 dense):
    [log_kernel_scale    ] +0.0001  -0.0000  +0.0000
    [log_lengthscale     ] -0.0000  +0.0001  -0.0000
    [log_noise_scale     ] +0.0000  -0.0000  +0.0001

  Marginal stds from IMM:
    log_kernel_scale         : std = 0.0115
    log_lengthscale          : std = 0.0098
    log_noise_scale          : std = 0.0109

  === RIDGE TEST ===
  corr(log_kernel_scale, log_lengthscale) = -0.0584
  Target: +0.754 (from Exp 2 MCLMC posterior ridge)
  Ridge gate (corr>=0.6 + step_size 0.01-0.5): FAIL
  step_size gate (0.01-0.5): PASS

  === STATIONARITY CHECK (proxy: final warmup position) ===
  log_ls at init:         0.0000  (prior mean)
  log_ls at warmup end:   -0.7213  (GT mean = -1.04)
  |final - GT_mean| = 0.3187  (tol=0.5) => STATIONARY
  Final warmup phi (flat): [ 0.19131049 -0.72128812 -1.89070476]
  Marginal lp at warmup end: 118.795

=== Phase 2: 1-chain laplace_hmc sampling (n_steps=20, L=20, adapted params) ===
  1-chain wall: 13.87s
  Acceptance rate: mean=0.999, min=0.996, max=1.000
  Divergences: 0/20
  logdensity range: [118.91, 122.56]

  === STATIONARITY CHECK (sampling trajectory) ===
  log_ls sampling: mean=-0.7387, std=0.0079  (GT mean=-1.04)
  |sampling_mean - GT_mean| = 0.3013  (tol=0.5) => STATIONARY

  acceptance gate (>=0.65): PASS

  phi trace (5 steps):
    step 0: [ 0.18893595 -0.72735436 -1.89548133]
    step 1: [ 0.18508851 -0.73307029 -1.89584215]
    step 2: [ 0.18714279 -0.73182877 -1.89292784]
    step 3: [ 0.18719528 -0.72505083 -1.88924948]
    step 4: [ 0.18668889 -0.72753425 -1.8940388 ]

  Skipping Phase 3 (UNLOCK not triggered): corr=-0.0584, step_size=0.013587, acc=0.999

==================================================================
ExpF Summary (total wall = 218.7s)
==================================================================
  === THREE-NUMBER VERDICT TUPLE ===
  (1) corr(log_ks, log_ls) = -0.0584  (target +0.754, gate >=0.6)
  (2) adapted_step_size    = 0.013587  (gate 0.01-0.5)
  (3) mean acceptance      = 0.999          (gate >=0.65)
  Ridge verdict: FAIL
  Acceptance gate: PASS
  Stationarity (warmup final): STATIONARY  (log_ls=-0.721, GT=-1.04)
  Stationarity (sampling mean): STATIONARY  (log_ls=-0.739, GT=-1.04)
  OVERALL: NO UNLOCK
==================================================================
