[t=+0.0s] Script start
[t=+0.4s] JAX: x64=True, backend=cpu
[t=+2.2s] All imports done
[t=+7.1s] gp_regression model built, d_full=203
[t=+7.2s] Laplace components built (maxiter=300)
  phi_keys (sorted): ['log_kernel_scale', 'log_lengthscale', 'log_noise_scale']

=== Level 0: Value cross-check (maxiter=300 Laplace vs exact) at 10 GT samples ===
  Expected: max |centered residual| << 0.5 nats if fix works
  expG result at maxiter=30: max residual = 92.9 nats (BUG confirmed)
  sample  0: laplace=  159.8828, exact=  159.8841, diff= -0.0013  [7.7s]
  sample  1: laplace=  158.0359, exact=  158.0364, diff= -0.0005  [0.9s]
  sample  2: laplace=  159.3363, exact=  159.3370, diff= -0.0007  [0.8s]
  sample  3: laplace=  157.9894, exact=  157.9899, diff= -0.0004  [0.9s]
  sample  4: laplace=  158.5569, exact=  158.5586, diff= -0.0017  [0.9s]
  sample  5: laplace=  159.4247, exact=  159.4258, diff= -0.0011  [0.7s]
  sample  6: laplace=  159.1665, exact=  159.1843, diff= -0.0178  [1.0s]
  sample  7: laplace=  157.4116, exact=  157.4310, diff= -0.0194  [0.9s]
  sample  8: laplace=  159.6708, exact=  159.6738, diff= -0.0030  [1.0s]
  sample  9: laplace=  159.6612, exact=  159.6685, diff= -0.0072  [0.9s]

  Offset (laplace - exact): mean=-0.0053, std=0.0069
  Max |centered residual| = 0.0141 (threshold: 0.5 nats, expG@30: 92.9 nats)
  Level 0: PASS (fix works at density level)

=== Level 0.5: Gradient norm ‖∇_θ log_joint(z*, φ_GT)‖ at GT mean ===
  Confirms actual L-BFGS convergence (not just lucky gate pass).
  Target: norm << 1e-3 => converged; norm >> 1e-4 => maxiter too low
  ‖∇_θ log_joint(z*, φ_GT)‖ = 5.599834e-01  [2.3s]
  Convergence verdict: NOT CONVERGED (>=1e-3)
  WARNING: gradient norm too large — consider maxiter=500 for production

=== Phase 1: HMC window_adaptation (n_warmup=200, L=10, dense IMM, maxiter=300) ===
  Warmup wall: 383.96s
  Adapted step_size: 0.525851
  Adapted IMM (3x3 dense):
    [log_kernel_scale    ] +0.1714  +0.0501  -0.0001
    [log_lengthscale     ] +0.0501  +0.0249  +0.0005
    [log_noise_scale     ] -0.0001  +0.0005  +0.0026

  Welford IMM stds vs GT stds:
    log_kernel_scale         : welford_std=0.4140, gt_std=0.4278, ratio=0.968
    log_lengthscale          : welford_std=0.1577, gt_std=0.1783, ratio=0.884
    log_noise_scale          : welford_std=0.0507, gt_std=0.0513, ratio=0.989

  Final warmup phi (flat): [ 0.25953128 -1.23692183 -2.43403774]
  Marginal lp at warmup end: 157.937

  === GATES 1 & 2 ===
  corr(log_ks, log_ls) = 0.7671 (target +0.754, gate: >=0.6)
  adapted step_size = 0.525851 (gate: 0.01-0.5)
  Gate 1 (corr>=0.6): PASS
  Gate 2 (step_size 0.01-0.5): TOO_LARGE

=== Phase 2: 1-chain laplace_hmc sampling (n_steps=20, L=10, maxiter=300) ===
  1-chain wall: 28.36s
  Acceptance: mean=0.937, min=0.641, max=1.000
  Divergences: 0/20
  logdensity range: [156.22, 160.87]
  phi trace (first 5 steps):
    step 0: [ 0.73260044 -0.77454762 -2.31132558]
    step 1: [ 0.73260044 -0.77454762 -2.31132558]
    step 2: [ 0.08868132 -1.22506451 -2.35163349]
    step 3: [ 0.02985229 -1.50804566 -2.39432749]
    step 4: [ 0.62522555 -0.94032553 -2.33470152]

  Gate 3 (acceptance 0.65-0.95): PASS
  Gate 4 (n_div=0): PASS

====================================================================
ExpH Summary (maxiter=300, total wall = 439.1s)
====================================================================
  Level 0 (density fix validation): max_residual=0.0141 nats, PASS
  Level 0.5 (gradient norm at GT mean): ‖∇_θ log_joint(z*, φ_GT)‖ = 5.60e-01, NOT CONVERGED (>=1e-3) => try maxiter=500
  Gate 1 corr(log_ks, log_ls) = 0.7671: PASS
  Gate 2 step_size = 0.525851: TOO_LARGE
  Gate 3 acceptance = 0.937: PASS
  Gate 4 n_div = 0: PASS

  Density fix: CONFIRMED
  Gradient norm: NOT CONVERGED -- production maxiter should be >=500
  4-gate verdict: PARTIAL/FAIL -- see gate breakdown
====================================================================
