[t=+0.0s] Script start
[t=+0.4s] JAX x64=True backend=cpu
[t=+2.3s] Imports done (stock blackjax 007a9ded)
  N_WARMUP=100 (step-only DA, IMM=GT frozen), target_acc=0.65, L=5
  Benchmark: 4 chains x 80 samples, step=adapted, IMM=GT
  Stage 2 L=5 GT reference: ESS/s=1.4249  (target to beat; adapted step should improve via higher traj_weight)
[t=+7.5s] model built d=203
  Cold-start init (single chain) ...
  Init done: 9.611s

  --- Phase 1: warmup (100 steps, single chain, DA step-only) ---
  Warmup done: 73.795s (0.738s/step)
  Adapted step_size = 0.98381  (GT was 0.526, ratio = 1.870x)
  Final traj_weight = 0.2005  (target was 0.65, final da step_size = 0.46059)
  Step trace (first 5): [0.526, 8.716047946332441, 2.1875333703789237, 0.345141493879588, 0.7435359604101397]
  Step trace (last 5):  [1.0881993442895252, 1.8463630815717134, 0.8099406696003273, 1.3936942970271913, 1.0360496444516711]
  Traj_wt trace (first 5): [0.9277691902004902, 0.0, 4.392777883546232e-63, 0.9874665986852147, 0.9409159444384114]
  Traj_wt trace (last 5):  [0.9323769203328519, 0.20000000000003057, 0.941810726034834, 0.48456394564600097, 0.200471244241217]

  IMM verification: dual_averaging only, no Welford called
  max|used_IMM - GT_IMM| = 0.00e+00  (pass=0.0 ✓)

  *** L-RECHECK FLAG: adapted_step (0.9838) > 1.5x GT (0.526). Trajectory length = L*step = 4.919 (was 2.630). Re-probe L at new step_size before declaring Stage 3a winner. ***

  --- Phase 2: benchmark (4 chains x 80 samples, step=0.98381, IMM=GT) ---
  vmap scan: 144.874s (1.811s/vmap-step, 0.453s/chain-sample, incl JIT)
  wall_total (init+warmup+scan): 228.281s
  mean_traj_weight=0.6900  n_div=1
  chain 0: phi_mean=[0.4007, -1.0410, -2.3502]  traj_wt=0.7014  n_div=0
  chain 1: phi_mean=[0.4071, -1.0067, -2.3402]  traj_wt=0.7063  n_div=0
  chain 2: phi_mean=[0.4823, -1.0604, -2.3402]  traj_wt=0.6990  n_div=0
  chain 3: phi_mean=[0.4370, -1.0300, -2.3445]  traj_wt=0.6532  n_div=1

  --- Diagnostics ---
  log_kernel_scale: ESS=247.75  ESS/N=0.7742  R-hat=0.9971
  log_lengthscale: ESS=216.23  ESS/N=0.6757  R-hat=1.0008
  log_noise_scale: ESS=168.26  ESS/N=0.5258  R-hat=0.9987

======================================================================
ExpI Stage 3a Summary (total wall = 241.0s)
  blackjax: stock main 007a9ded  |  gp_regression N=200  |  V2 vmap  |  4 chains x 80 samples
======================================================================
  laplace_mhmc L=5: 4 chains x 80 samples = 320 total
  WARMUP: step-only dual_averaging, N_WARMUP=100, target_acc=0.65, IMM=GT frozen (no Welford)
  adapted_step_size=0.98381  (GT was 0.526, ratio=1.870x)
  wall_warmup=73.795s  wall_scan=144.874s  wall_total=228.281s
  mean_traj_weight=0.6900  n_div=1  (traj_weight = exp(sum_log_p_accept)/L, not M-H acc)
  ESS per param:
    log_kernel_scale: ESS=247.75  ESS/N=0.7742  R-hat=0.9971
    log_lengthscale: ESS=216.23  ESS/N=0.6757  R-hat=1.0008
    log_noise_scale: ESS=168.26  ESS/N=0.5258  R-hat=0.9987
  min_ESS=168.26  ESS/s=0.73709  vs-L5-GT=0.517x  vs-L10-GT=0.574x
  max_R-hat=1.0008  (pass if < 1.05)
  Stage 2 L=5 GT ref: ESS/s=1.42494  Stage 1 L=10 GT ref: ESS/s=1.28383
  *** L-RECHECK: step shifted 1.87x → re-probe L at step=0.9838 before Stage 3b ***
======================================================================
