[t=+0.0s] Script start
[t=+0.4s] JAX x64=True backend=cpu
[t=+2.2s] Imports done (stock blackjax 007a9ded)
  4 chains x 80 samples/chain = 320 total, step_size=0.526, L=3 (π/2 probe), maxiter=500
  Stage 1 L=10 reference: ESS/s=1.2838  Stage 2 L=5 reference: ESS/s=1.4249
[t=+7.3s] model built d=203
  Cold-start init (single chain, shared across all chains) ...
  Init done: 9.476s
  Running vmap scan (4 chains x 80 steps, incl JIT) ...
  vmap scan: 102.862s (1.286s/vmap-step, 0.321s/chain-sample, incl JIT)
  wall_total (init+scan): 112.338s
  mean_traj_weight=0.9496  n_div=0
  chain 0: phi_mean=[0.5569, -0.9968, -2.3435]  traj_wt=0.9536  n_div=0
  chain 1: phi_mean=[0.5191, -0.9880, -2.3442]  traj_wt=0.9460  n_div=0
  chain 2: phi_mean=[0.4025, -1.0340, -2.3429]  traj_wt=0.9440  n_div=0
  chain 3: phi_mean=[0.4317, -1.0087, -2.3472]  traj_wt=0.9547  n_div=0

  --- Diagnostics ---
  log_kernel_scale: ESS=76.77  ESS/N=0.2399  R-hat=1.0093
  log_lengthscale: ESS=126.73  ESS/N=0.3960  R-hat=1.0012
  log_noise_scale: ESS=96.01  ESS/N=0.3000  R-hat=0.9943

======================================================================
ExpI Stage 2 L=3 Probe Summary (total wall = 124.5s)
  blackjax: stock main 007a9ded  |  gp_regression N=200  |  V2 vmap  |  4 chains x 80 samples
======================================================================
  laplace_mhmc L=3: 4 chains x 80 samples = 320 total
  proposal: multinomial (fixed-L=3, step_size=0.526, dense 3x3 IMM)
  wall_total=112.338s  (init=9.476s + scan=102.862s)
  mean_traj_weight=0.9496  n_div=0  (traj_weight = exp(sum_log_p_accept)/L, not M-H acc)
  ESS per param:
    log_kernel_scale: ESS=76.77  ESS/N=0.2399  R-hat=1.0093
    log_lengthscale: ESS=126.73  ESS/N=0.3960  R-hat=1.0012
    log_noise_scale: ESS=96.01  ESS/N=0.3000  R-hat=0.9943
  min_ESS=76.77  ESS/s=0.68342  vs-L10=0.532x  vs-L5=0.480x
  max_R-hat=1.0093  (pass if < 1.05)
  Stage 1 L=10: ESS/s=1.28383  Stage 2 L=5: ESS/s=1.42494
======================================================================
