[t=+0.0s] Script start
[t=+0.4s] JAX x64=True backend=cpu
[t=+2.2s] Imports done (stock blackjax)
  laplace_marginal_factory debug.callback=False (expected False)
  Arm A: 4 chains x 15 samples, step_size=0.526, L=10, maxiter=500
  Arm B: 2 chains (seq) x 5 samples, step_size=0.002225, max_doublings=12
[t=+6.8s] model built d=203
  f_raw posterior-mean norm = 2.7079

=== Arm A: laplace_hmc 4 chains vmap, 15 samples/chain ===
  Building factory + single chain init ...
  Single-chain init: 9.301s
  Running vmap scan (4 chains x 15 steps, incl JIT) ...
  Arm A vmap scan: 44.263s (0.738s/sample, incl JIT)
  Arm A total (init + scan): 53.565s
  mean acceptance: 0.9578  total divergences: 0
  chain 0: phi_mean=[0.2774, -1.0402, -2.3178]  acc=0.9397
  chain 1: phi_mean=[0.4936, -1.0248, -2.3158]  acc=0.9613
  chain 2: phi_mean=[1.0220, -0.8302, -2.3478]  acc=0.9538
  chain 3: phi_mean=[0.6258, -1.1480, -2.3615]  acc=0.9764
  ESS Arm A: log_kernel_scale=5.75 log_lengthscale=3.98 log_noise_scale=13.06
  min_ESS_a=3.98  ESS/s_a=0.0743 (min_ESS / total_wall incl init)

=== Arm B: NUTS 2 chains sequential, 5 samples/chain ===
  BURN_IN_MIN=5, gate=median(last 5 steps)>=1500
  NOTE: BURN_IN_MIN reduced from 10 to 5 for budget; step 1 hits ~1535 lf from posterior-mean init, gate passes at step 5.

  --- Chain 0 ---
  burn  1: 4.187s  lf= 1279  acc=0.9891
  burn  2: 5.559s  lf= 2047  acc=0.9954
  burn  3: 5.300s  lf= 2047  acc=0.9906
  burn  4: 5.220s  lf= 2047  acc=0.9586
  burn  5: 5.397s  lf= 2047  acc=0.9965
  [GATE PASSED] step 5: median(last 5)=2047 >= 1500
  step 1: 5.213s  lf= 2047  acc=0.9888
  step 2: 5.390s  lf= 2047  acc=0.7509
  step 3: 5.338s  lf= 2047  acc=0.9978
  step 4: 5.317s  lf= 2047  acc=0.9914
  step 5: 5.492s  lf= 2047  acc=0.9998
  chain 0 done: burn_lf=[1279, 2047, 2047, 2047, 2047]  timed_lf=[2047, 2047, 2047, 2047, 2047]

  --- Chain 1 ---
  burn  1: 2.629s  lf= 1023  acc=0.9798
  burn  2: 5.542s  lf= 2047  acc=0.9720
  burn  3: 5.486s  lf= 2047  acc=0.9995
  burn  4: 5.613s  lf= 2047  acc=0.9581
  burn  5: 5.409s  lf= 2047  acc=0.9962
  [GATE PASSED] step 5: median(last 5)=2047 >= 1500
  step 1: 5.283s  lf= 2047  acc=0.9972
  step 2: 5.858s  lf= 2047  acc=0.9973
  step 3: 6.212s  lf= 2047  acc=0.9913
  step 4: 6.180s  lf= 2047  acc=0.9826
  step 5: 5.902s  lf= 2047  acc=0.8875
  chain 1 done: burn_lf=[1023, 2047, 2047, 2047, 2047]  timed_lf=[2047, 2047, 2047, 2047, 2047]

  Arm B sampling wall (timed steps only, excl burn-in): 56.186s
  mean acceptance: 0.9585  total divergences: 0
  all timed lf counts: [[2047, 2047, 2047, 2047, 2047], [2047, 2047, 2047, 2047, 2047]]
  ESS Arm B: log_kernel_scale=10.00 log_lengthscale=10.00 log_noise_scale=10.00
  min_ESS_b=10.00  ESS/s_b=0.1780 (min_ESS / timed sampling wall, excl burn-in)

======================================================================
ExpI Phase B Summary (total wall = 173.9s)
  blackjax: stock main 007a9ded, laplace_marginal_factory(maxiter=500) explicit
======================================================================
  Arm A (laplace_hmc, 4 chains x 15 samples):
    wall_a_total=53.565s  (init=9.301s + scan=44.263s)
    ESS per param: log_kernel_scale=5.75 log_lengthscale=3.98 log_noise_scale=13.06
    min_ESS=3.98  ESS/s=0.0743
    mean_acc=0.9578  n_div=0

  Arm B (NUTS, 2 chains x 5 samples, sequential):
    wall_b_sampling=56.186s  (timed steps only, excl burn-in)
    ESS per param: log_kernel_scale=10.00 log_lengthscale=10.00 log_noise_scale=10.00
    min_ESS=10.00  ESS/s=0.1780
    mean_acc=0.9585  n_div=0
    lf_counts (all chains): [[2047, 2047, 2047, 2047, 2047], [2047, 2047, 2047, 2047, 2047]]

  Raw ESS/s ratio (Arm A / Arm B): 0.42x (laplace faster if > 1)

  NOTE: N_SAMPLES_B=5/chain is intentionally small (budget constraint). ESS_b estimates are noisy. @statistician: flag in verdict.
======================================================================
