[t=+0.0s] Script start
[t=+0.4s] JAX x64=True backend=cpu
[t=+2.1s] Imports done (stock blackjax 007a9ded)
  4 chains x 50 samples/chain = 200 total, step_size=0.526, L=10 (fixed), maxiter=500
  acceptance_rate field = trajectory-weight diagnostic (not M-H acc)
[t=+6.5s] model built d=203
  Cold-start init (single chain, shared across all chains) ...
  Init done: 9.239s
  Running vmap scan (4 chains x 50 steps, incl JIT) ...
  vmap scan: 136.030s (2.721s/vmap-step, 0.680s/chain-sample, incl JIT)
  wall_mhmc_total (init+scan): 145.268s
  mean_traj_weight=0.9526  n_div=0
  chain 0: phi_mean=[0.3880, -1.0431, -2.3474]  traj_wt=0.9504  n_div=0
  chain 1: phi_mean=[0.3813, -1.0641, -2.3383]  traj_wt=0.9537  n_div=0
  chain 2: phi_mean=[0.3643, -1.0467, -2.3322]  traj_wt=0.9489  n_div=0
  chain 3: phi_mean=[0.2938, -1.1206, -2.3343]  traj_wt=0.9574  n_div=0

  --- Diagnostics ---
  log_kernel_scale: ESS=210.61  ESS/N=1.0531  R-hat=0.9949
  log_lengthscale: ESS=186.50  ESS/N=0.9325  R-hat=1.0077
  log_noise_scale: ESS=188.85  ESS/N=0.9442  R-hat=0.9983

======================================================================
ExpI Stage 1 mhmc ESS Summary (total wall = 156.3s)
  blackjax: stock main 007a9ded  |  gp_regression N=200  |  V2 vmap  |  4 chains x 50 samples
======================================================================
  laplace_mhmc: 4 chains x 50 samples = 200 total
  proposal: multinomial (fixed-L=10, step_size=0.526, dense 3x3 IMM)
  wall_total=145.268s  (init=9.239s + scan=136.030s)
  mean_traj_weight=0.9526  n_div=0  (traj_weight = exp(sum_log_p_accept)/L, not M-H acc)
  ESS per param:
    log_kernel_scale: ESS=210.61  ESS/N=1.0531  R-hat=0.9949
    log_lengthscale: ESS=186.50  ESS/N=0.9325  R-hat=1.0077
    log_noise_scale: ESS=188.85  ESS/N=0.9442  R-hat=0.9983
  min_ESS=186.50  ESS/s (min_ESS/wall_total)=1.28385
  max_R-hat=1.0077  (pass if < 1.05)
======================================================================
