[t=+0.0s] Script start
[t=+0.4s] JAX x64=True backend=cpu
[t=+2.2s] Imports done (stock blackjax 007a9ded)
  PHI_PRIOR_MEANS = {log_ks: 0.0, log_ls: 0.0, log_ns: -2.0} (no GT oracle)
  Phase 1: HMC L=10 diag-IMM, n=500, target_acc=0.9
  Phase 2: HMC L=5 dense-IMM, n=200, target_acc=0.93
  Stage 2 L=5 GT: ESS/s=1.4249  Stage 3a' sampling-only: ESS/s=1.1698
[t=+7.3s] model built d=203
[t=+7.3s] Laplace marginal factory built (maxiter=500)

  --- Phase 1: warmup (500 steps, HMC L=10, diag-IMM, single chain, target=0.9) ---
  Phase 1 done: 967.952s (1.936s/step)
  Adapted step_size (Phase 1) = 0.27345
  Phase 1 IMM diagonal (stds): [0.39481952 0.18393805 0.04199934]
  Final position phi1:
    log_kernel_scale: 0.5753  GT_mean=0.4087  dev=0.39σ  ✓
    log_lengthscale: -0.9929  GT_mean=-1.0425  dev=0.28σ  ✓
    log_noise_scale: -2.3963  GT_mean=-2.3416  dev=1.07σ  ✓

  Phase 1 stationarity gate (all within 2σ of GT mean): PASS ✓
  Phase 1 step gate (0.05-2.0): 0.27345 PASS ✓

  --- Phase 2: warmup (200 steps, HMC L=5, dense-IMM, single chain, target=0.93) ---
  Phase 2 done: 184.704s (0.924s/step)
  Adapted step_size (Phase 2) = 0.48109
  Adapted IMM 3x3 (dense):
    [log_kernel_scale    ] +0.167082  +0.052728  +0.008038
    [log_lengthscale     ] +0.052728  +0.030307  +0.001731
    [log_noise_scale     ] +0.008038  +0.001731  +0.003111

  Ridge correlation corr(log_ks, log_ls) = 0.7410
  (target: +0.754; gate: ≥0.5; expH A2: +0.767 ✓)
  Welford IMM stds vs GT stds:
    log_kernel_scale         : welford_std=0.4088  gt_std=0.4278  ratio=0.955
    log_lengthscale          : welford_std=0.1741  gt_std=0.1783  ratio=0.976
    log_noise_scale          : welford_std=0.0558  gt_std=0.0513  ratio=1.087
  Final position phi2:
    log_kernel_scale: 0.4569  GT_mean=0.4087  dev=0.11σ  ✓
    log_lengthscale: -0.8643  GT_mean=-1.0425  dev=1.00σ  ✓
    log_noise_scale: -2.2975  GT_mean=-2.3416  dev=0.86σ  ✓

  Phase 2 ridge gate (corr≥0.5): 0.7410 PASS ✓
  Phase 2 step gate (0.3-1.0): 0.48109 PASS ✓

  Total warmup wall: 1152.7s (Phase 1: 968.0s + Phase 2: 184.7s)

  --- Final benchmark (4 chains x 80 samples, step=0.48109, IMM=adapted_3x3) ---
  Init laplace state from Phase 2 end position ...
  Init done: 0.856s
  vmap scan: 133.089s (1.664s/vmap-step, 0.416s/chain-sample, incl JIT)
  wall_total (warmup+init+scan): 1286.600s
  mean_traj_weight=0.9662  n_div=0
  chain 0: phi_mean=[0.5448, -1.0001, -2.3421]  traj_wt=0.9629  n_div=0
  chain 1: phi_mean=[0.2788, -1.0821, -2.3413]  traj_wt=0.9644  n_div=0
  chain 2: phi_mean=[0.3143, -1.0557, -2.3432]  traj_wt=0.9710  n_div=0
  chain 3: phi_mean=[0.4011, -1.0371, -2.3394]  traj_wt=0.9666  n_div=0

  --- Diagnostics ---
  log_kernel_scale: ESS=161.38  ESS/N=0.5043  R-hat=1.0414
  log_lengthscale: ESS=144.47  ESS/N=0.4515  R-hat=1.0150
  log_noise_scale: ESS=213.10  ESS/N=0.6659  R-hat=0.9942

======================================================================
ExpI Stage 3b Summary (total wall = 1298.5s)
  blackjax: stock main 007a9ded  |  gp_regression N=200  |  V2 vmap  |  4 chains x 80 samples
======================================================================
  laplace_mhmc L=5: 4 chains x 80 samples = 320 total
  WARMUP: two-phase HMC (on marginal) from prior means {0,0,-2}
  Phase 1: diag-IMM, L=10, n=500, target=0.9  →  step1=0.27345  wall=968.0s
  Phase 2: dense-IMM, L=5, n=200, target=0.93  →  step=0.48109  wall=184.7s
  adapted_step=0.48109  (Stage 3a' ref: 0.57294, Stage 2 oracle: 0.526)
  ridge_corr(log_ks,log_ls) = 0.7410  (gate ≥0.5; GT=+0.754; expH A2=+0.767)
  Adapted IMM 3x3:
    [log_kernel_scale    ] +0.167082  +0.052728  +0.008038
    [log_lengthscale     ] +0.052728  +0.030307  +0.001731
    [log_noise_scale     ] +0.008038  +0.001731  +0.003111
  wall_w1=968.0s  wall_w2=184.7s  wall_scan=133.1s  wall_total=1286.6s
  mean_traj_weight=0.9662  n_div=0  (traj_weight = exp(sum_log_p_accept)/L, not M-H acc)
  ESS per param:
    log_kernel_scale: ESS=161.38  ESS/N=0.5043  R-hat=1.0414
    log_lengthscale: ESS=144.47  ESS/N=0.4515  R-hat=1.0150
    log_noise_scale: ESS=213.10  ESS/N=0.6659  R-hat=0.9942
  min_ESS=144.47  n_div=0  max_R-hat=1.0414
  ESS/s (sampling-only) = 1.08550  vs-3a'-sampling=0.928x  vs-L5-GT=0.762x
  ESS/s (total-wall)    = 0.11229  vs-L5-GT=0.079x
  A1-gate: warmup_cost=1152.7s < 8250s = PASS ✓
  recovery_ratio (ESS/s sampling vs oracle) = 0.928x
======================================================================
